picture/first/collidingFlow/mesh_move_direction.eps
<nop>
picture/first/collidingFlow/pressure_contour.eps
<nop>
picture/first/collidingFlow/uniform20_error.eps
<nop>
picture/first/collidingFlow/moving20_error.eps
<nop>
picture/first/collidingFlow/uniform_mesh20.eps
<nop>
picture/first/collidingFlow/moving_mesh20.eps
<nop>
picture/first/jet_flow_data/mesh_t12s.eps
<nop>
picture/first/jet_flow_data/contour_t12s.eps
<nop>
picture/first/jet_flow_data/mesh_t27s.eps
<nop>
picture/first/jet_flow_data/contour_t27s.eps
<nop>
picture/first/step_flow_data/initial_mesh40_001.eps
<nop>
picture/first/step_flow_data/mesh_t_05.eps
<nop>
picture/first/step_flow_data/mesh_t_1s.eps
<nop>
picture/first/step_flow_data/mesh_t_1_5s.eps
<nop>
picture/first/step_flow_data/mesh_t_2s.eps
<nop>
picture/first/step_flow_data/contour_streamline_t_2s.eps
<nop>
picture/first/obstacle_flow_data/initial_mesh.eps
<nop>
picture/first/obstacle_flow_data/mesh_t_24_5s.eps
<nop>
picture/first/obstacle_flow_data/mesh_t_23s.eps
<nop>
